################################################################
#S        O                             )      H$eH            #
#                                              H$fH            #
#                                              H$bH            #
#                                              HHHH            #
#                                                              #
#    $                                                         #
#    $                                                         #
#    $                                                         #
#    $                                                         #
#    $$$$$$$                                                   #
#                                                              #
#                                                              #
#                          eeee                                #
#                                                              #
#                                                              #
#                                                              #
#                                                              #
#                                                              #
#                                                              #
#                                                              #
#                                                              #
#                                                              #
#                                                              #
#                                                              #
#                                                              #
#                                                              #
#                                                              #
#                                                              #
#                                                              #
#     )                                                        #
#                                         )                    #
#                                                              #
#                                                              #
#                           A                                  #
#                                                              #
#                                                              #
#                                                              #
#                                                              #
#                                                              #
#                                                              #
#                                                              #
#                                                              #
#                                                              #
#                                                              #
#                                                              #
#                                                              #
#                                                              #
#                                                              #
#                                                              #
#                                                              #
#                                                              #
#                                                              #
#                                                              #
#                                                              #
#                                                              #
#                                                              #
#                                                              #
#                                                              #
#                                                              #
#                                                              #
#                                                              #
#                                                              #
################################################################